<?xml version="1.0" encoding="utf-8"?><testsuites><testsuite name="pytest" errors="0" failures="0" skipped="0" tests="146" time="17.710" timestamp="2023-01-18T14:31:54.367063" hostname="AdminisatorsMBP.broadband"><testcase classname="tests.test_date_adjustment.TestDateAdjustment" name="test_all_error_codes_generated_as_expected" time="0.771" /><testcase classname="tests.test_date_adjustment.TestDateAdjustment" name="test_aw_columns_are_correct" time="0.758" /><testcase classname="tests.test_date_adjustment.TestDateAdjustment" name="test_aw_q27_not_present" time="0.758" /><testcase classname="tests.test_date_adjustment.TestDateAdjustment" name="test_bad_average_weekly_param_fast_fail" time="0.017" /><testcase classname="tests.test_date_adjustment.TestDateAdjustment" name="test_basic_mid_point_use_gives_actual_equals_expected" time="0.785" /><testcase classname="tests.test_date_adjustment.TestDateAdjustment" name="test_da_columns_are_correct" time="0.787" /><testcase classname="tests.test_date_adjustment.TestDateAdjustment" name="test_da_q27_not_present" time="0.769" /><testcase classname="tests.test_date_adjustment.TestDateAdjustment" name="test_double_period_marker_set_on_warning" time="0.789" /><testcase classname="tests.test_date_adjustment.TestDateAdjustment" name="test_equal_weighted_y_correct" time="0.796" /><testcase classname="tests.test_date_adjustment.TestDateAdjustment" name="test_input_provided" time="0.001" /><testcase classname="tests.test_date_adjustment.TestDateAdjustment" name="test_long_period_marker_set_on_warning" time="0.805" /><testcase classname="tests.test_date_adjustment.TestDateAdjustment" name="test_mid_point_bypass_actual_dates" time="0.785" /><testcase classname="tests.test_date_adjustment.TestDateAdjustment" name="test_mid_point_change_actual_use_calendar_month_dates" time="0.767" /><testcase classname="tests.test_date_adjustment.TestDateAdjustment" name="test_mid_point_change_actual_use_trading_period_dates" time="0.755" /><testcase classname="tests.test_date_adjustment.TestDateAdjustment" name="test_multi_aw_param_fast_fail" time="0.018" /><testcase classname="tests.test_date_adjustment.TestDateAdjustment" name="test_multi_equal_weight_param_fast_fail" time="0.018" /><testcase classname="tests.test_date_adjustment.TestDateAdjustment" name="test_multi_midpoint_param_fast_fail" time="0.017" /><testcase classname="tests.test_date_adjustment.TestDateAdjustment" name="test_return_is_dataframe" time="0.752" /><testcase classname="tests.test_date_adjustment.TestDateAdjustment" name="test_short_period_marker_set_on_warning" time="0.788" /><testcase classname="tests.test_date_adjustment.TestDateAdjustment" name="test_validate_input_dataframe_type" time="0.001" /><testcase classname="tests.test_date_adjustment.TestDateAdjustment" name="test_validate_required_cols_in_input_dataframe" time="0.017" /><testcase classname="tests.test_date_adjustment.TestDateAdjustment" name="test_validate_required_cols_in_trading_weight" time="0.026" /><testcase classname="tests.test_date_adjustment.TestDateAdjustment" name="test_validate_reserved_column_names_in_input_dataframe" time="0.023" /><testcase classname="tests.test_date_adjustment.TestDateAdjustment" name="test_validate_target_columns_in_input_dataframe" time="0.017" /><testcase classname="tests.test_date_adjustment.TestDateAdjustment" name="test_validate_target_columns_type" time="0.009" /><testcase classname="tests.test_date_adjustment.TestDateAdjustment" name="test_validate_trading_weights_type" time="0.010" /><testcase classname="tests.test_date_adjustment.TestGenerateAverageWeeklyQuestions" name="test_failure_on_no_input" time="0.001" /><testcase classname="tests.test_date_adjustment.TestGenerateAverageWeeklyQuestions" name="test_output_for_A" time="0.001" /><testcase classname="tests.test_date_adjustment.TestGenerateAverageWeeklyQuestions" name="test_output_for_N" time="0.001" /><testcase classname="tests.test_date_adjustment.TestGenerateAverageWeeklyQuestions" name="test_output_for_question_strings" time="0.005" /><testcase classname="tests.test_date_adjustment.TestGenerateAverageWeeklyQuestions" name="test_output_is_list" time="0.001" /><testcase classname="tests.test_date_adjustment.TestGenerateAverageWeeklyQuestions" name="test_validate_average_weekly_param" time="0.001" /><testcase classname="tests.test_date_adjustment.TestGenerateAverageWeeklyQuestions" name="test_validate_target_columns_param" time="0.001" /><testcase classname="tests.test_date_adjustment.MissingValueSubfunction" name="test_error_flag_column_exist" time="0.021" /><testcase classname="tests.test_date_adjustment.MissingValueSubfunction" name="test_error_flag_set_correctly_where_appropriate" time="0.021" /><testcase classname="tests.test_date_adjustment.MissingValueSubfunction" name="test_failure_on_no_input" time="0.001" /><testcase classname="tests.test_date_adjustment.MissingValueSubfunction" name="test_nothing_filtered" time="0.019" /><testcase classname="tests.test_date_adjustment.MissingValueSubfunction" name="test_output_is_dataframe" time="0.020" /><testcase classname="tests.test_date_adjustment.MissingValueSubfunction" name="test_validate_input_dataframe_type" time="0.001" /><testcase classname="tests.test_date_adjustment.MissingValueSubfunction" name="test_validate_required_cols_in_input_dataframe" time="0.015" /><testcase classname="tests.test_date_adjustment.MissingValueSubfunction" name="test_validate_target_columns_type" time="0.014" /><testcase classname="tests.test_date_adjustment.TestPrimaryWranglerSubfunction" name="test_E14_when_expected_start_date_is_invalid" time="0.084" /><testcase classname="tests.test_date_adjustment.TestPrimaryWranglerSubfunction" name="test_E15_when_expected_end_date_is_invalid" time="0.082" /><testcase classname="tests.test_date_adjustment.TestPrimaryWranglerSubfunction" name="test_dataframe" time="0.018" /><testcase classname="tests.test_date_adjustment.TestPrimaryWranglerSubfunction" name="test_equal_weighted_y_correct" time="0.084" /><testcase classname="tests.test_date_adjustment.TestPrimaryWranglerSubfunction" name="test_failure_on_no_input" time="0.001" /><testcase classname="tests.test_date_adjustment.TestPrimaryWranglerSubfunction" name="test_m_weight_zero_when_E03_generated" time="0.084" /><testcase classname="tests.test_date_adjustment.TestPrimaryWranglerSubfunction" name="test_m_weight_zero_when_E04_generated" time="0.084" /><testcase classname="tests.test_date_adjustment.TestPrimaryWranglerSubfunction" name="test_m_weight_zero_when_E05_generated" time="0.082" /><testcase classname="tests.test_date_adjustment.TestPrimaryWranglerSubfunction" name="test_no_bank_contributor_ends" time="0.077" /><testcase classname="tests.test_date_adjustment.TestPrimaryWranglerSubfunction" name="test_no_blank_contributor_starts" time="0.083" /><testcase classname="tests.test_date_adjustment.TestPrimaryWranglerSubfunction" name="test_num_days_calculation_correct" time="0.082" /><testcase classname="tests.test_date_adjustment.TestPrimaryWranglerSubfunction" name="test_num_days_column_created" time="0.078" /><testcase classname="tests.test_date_adjustment.TestPrimaryWranglerSubfunction" name="test_output_is_dataframe" time="0.077" /><testcase classname="tests.test_date_adjustment.TestPrimaryWranglerSubfunction" name="test_outputs_zeroed_when_E02_generated" time="0.080" /><testcase classname="tests.test_date_adjustment.TestPrimaryWranglerSubfunction" name="test_validate_input_dataframe_type" time="0.001" /><testcase classname="tests.test_date_adjustment.TestPrimaryWranglerSubfunction" name="test_validate_required_cols_in_input_dataframe" time="0.020" /><testcase classname="tests.test_date_adjustment.TestPrimaryWranglerSubfunction" name="test_validate_required_cols_in_trading_weight" time="0.026" /><testcase classname="tests.test_date_adjustment.TestPrimaryWranglerSubfunction" name="test_validate_trading_weights_type" time="0.018" /><testcase classname="tests.test_date_adjustment.TestPrimaryWranglerSubfunction" name="test_weights_m_column_created" time="0.078" /><testcase classname="tests.test_date_adjustment.TestPrimaryWranglerSubfunction" name="test_weights_m_set_correctly" time="0.093" /><testcase classname="tests.test_date_adjustment.TestMidpointSubfunction" name="test_E12_on_empty_non_zero_after_crps_dataframe" time="0.110" /><testcase classname="tests.test_date_adjustment.TestMidpointSubfunction" name="test_E12_on_empty_non_zero_before_crpe_dataframe" time="0.112" /><testcase classname="tests.test_date_adjustment.TestMidpointSubfunction" name="test_E13" time="0.110" /><testcase classname="tests.test_date_adjustment.TestMidpointSubfunction" name="test_equal_weight_overrides_trimming" time="0.115" /><testcase classname="tests.test_date_adjustment.TestMidpointSubfunction" name="test_input_is_a_dataframe" time="0.001" /><testcase classname="tests.test_date_adjustment.TestMidpointSubfunction" name="test_input_provided" time="0.001" /><testcase classname="tests.test_date_adjustment.TestMidpointSubfunction" name="test_output_is_dataframe" time="0.099" /><testcase classname="tests.test_date_adjustment.TestMidpointSubfunction" name="test_output_mid_point_actual_equals_expected" time="0.098" /><testcase classname="tests.test_date_adjustment.TestMidpointSubfunction" name="test_output_mid_point_changed_dates_calendar_days" time="0.097" /><testcase classname="tests.test_date_adjustment.TestMidpointSubfunction" name="test_output_mid_point_changed_dates_trading_period" time="0.107" /><testcase classname="tests.test_date_adjustment.TestMidpointSubfunction" name="test_output_mid_point_equal_n_route" time="0.103" /><testcase classname="tests.test_date_adjustment.TestMidpointSubfunction" name="test_required_cols_missing_from_input" time="0.019" /><testcase classname="tests.test_date_adjustment.TestMidpointSubfunction" name="test_required_output_cols_present_in_output" time="0.095" /><testcase classname="tests.test_date_adjustment.TestSecondaryWranglerSubfunction" name="test_days_in_contributors_return_period_exists" time="0.103" /><testcase classname="tests.test_date_adjustment.TestSecondaryWranglerSubfunction" name="test_double_period_marker_set_on_warning" time="0.104" /><testcase classname="tests.test_date_adjustment.TestSecondaryWranglerSubfunction" name="test_equal_weighted_sets_weight_n_correctly" time="0.106" /><testcase classname="tests.test_date_adjustment.TestSecondaryWranglerSubfunction" name="test_input_not_dataframe" time="0.001" /><testcase classname="tests.test_date_adjustment.TestSecondaryWranglerSubfunction" name="test_input_provided" time="0.001" /><testcase classname="tests.test_date_adjustment.TestSecondaryWranglerSubfunction" name="test_long_period_marker_set_on_warning" time="0.105" /><testcase classname="tests.test_date_adjustment.TestSecondaryWranglerSubfunction" name="test_m_weight_zero_when_E07_generated" time="0.108" /><testcase classname="tests.test_date_adjustment.TestSecondaryWranglerSubfunction" name="test_m_weight_zero_when_E08_generated" time="0.106" /><testcase classname="tests.test_date_adjustment.TestSecondaryWranglerSubfunction" name="test_n_weight_zero_when_E06_generated" time="0.113" /><testcase classname="tests.test_date_adjustment.TestSecondaryWranglerSubfunction" name="test_output_is_dataframe" time="0.109" /><testcase classname="tests.test_date_adjustment.TestSecondaryWranglerSubfunction" name="test_output_mid_point_not_equal_yt" time="0.114" /><testcase classname="tests.test_date_adjustment.TestSecondaryWranglerSubfunction" name="test_output_still_contains_target_columns" time="0.109" /><testcase classname="tests.test_date_adjustment.TestSecondaryWranglerSubfunction" name="test_required_cols_missing_from_input" time="0.019" /><testcase classname="tests.test_date_adjustment.TestSecondaryWranglerSubfunction" name="test_short_period_marker_set_on_warning" time="0.112" /><testcase classname="tests.test_date_adjustment.TestSecondaryWranglerSubfunction" name="test_target_columns_not_list" time="0.015" /><testcase classname="tests.test_date_adjustment.TestSecondaryWranglerSubfunction" name="test_trading_weights_not_dataframe" time="0.016" /><testcase classname="tests.test_date_adjustment.TestSecondaryWranglerSubfunction" name="test_validate_required_cols_missing_from_trading_weight" time="0.018" /><testcase classname="tests.test_date_adjustment.TestSecondaryWranglerSubfunction" name="test_weights_n_set_correctly" time="0.120" /><testcase classname="tests.test_date_adjustment.TestDateAdjustmentSubfunction" name="test_dataframe" time="0.019" /><testcase classname="tests.test_date_adjustment.TestDateAdjustmentSubfunction" name="test_date_adjustment_calculation" time="0.086" /><testcase classname="tests.test_date_adjustment.TestDateAdjustmentSubfunction" name="test_input_is_not_dataframe" time="0.001" /><testcase classname="tests.test_date_adjustment.TestDateAdjustmentSubfunction" name="test_input_provided" time="0.001" /><testcase classname="tests.test_date_adjustment.TestDateAdjustmentSubfunction" name="test_output_contains_cols_for_next_function" time="0.083" /><testcase classname="tests.test_date_adjustment.TestDateAdjustmentSubfunction" name="test_required_cols_missing_from_input" time="0.024" /><testcase classname="tests.test_date_adjustment.TestDateAdjustmentSubfunction" name="test_return_is_dataframe" time="0.086" /><testcase classname="tests.test_date_adjustment.TestDateAdjustmentSubfunction" name="test_weights_m_equals_null_on_E10" time="0.083" /><testcase classname="tests.test_date_adjustment.TestDateAdjustmentSubfunction" name="test_weights_n_equals_null_on_E11" time="0.085" /><testcase classname="tests.test_date_adjustment.TestAverageWeeklySubfunction" name="test_aw_data_content_is_correct" time="0.091" /><testcase classname="tests.test_date_adjustment.TestAverageWeeklySubfunction" name="test_input_provided" time="0.001" /><testcase classname="tests.test_date_adjustment.TestAverageWeeklySubfunction" name="test_no_aw_cols_when_no_question_list" time="0.031" /><testcase classname="tests.test_date_adjustment.TestAverageWeeklySubfunction" name="test_output_contains_all_expected_cols" time="0.084" /><testcase classname="tests.test_date_adjustment.TestAverageWeeklySubfunction" name="test_output_contains_no_unexpected_cols" time="0.088" /><testcase classname="tests.test_date_adjustment.TestAverageWeeklySubfunction" name="test_required_cols_missing_from_input" time="0.027" /><testcase classname="tests.test_date_adjustment.TestAverageWeeklySubfunction" name="test_return_is_dataframe" time="0.085" /><testcase classname="tests.test_date_adjustment.TestAverageWeeklySubfunction" name="test_validate_first_input_is_dataframe" time="0.001" /><testcase classname="tests.test_date_adjustment.TestAverageWeeklySubfunction" name="test_validate_second_input_is_list" time="0.026" /><testcase classname="tests.test_date_adjustment.UserAcceptanceTesting" name="test_uat_fix_1" time="0.047" /><testcase classname="tests.test_date_adjustment.UserAcceptanceTesting" name="test_uat_fix_2" time="0.075" /><testcase classname="tests.test_date_adjustment.UserAcceptanceTesting" name="test_uat_fix_3" time="0.219" /><testcase classname="tests.test_date_adjustment.UserAcceptanceTesting" name="test_uat_fix_4" time="0.177" /><testcase classname="tests.test_date_adjustment.UserAcceptanceTesting" name="test_uat_fix_5" time="0.101" /><testcase classname="tests.test_date_adjustment.UserAcceptanceTesting" name="test_uat_fix_6" time="0.030" /><testcase classname="tests.test_selective_editing.TestSelectiveEditing" name="test_fixed_output_columns_are_present" time="0.033" /><testcase classname="tests.test_selective_editing.TestSelectiveEditing" name="test_input_provided" time="0.001" /><testcase classname="tests.test_selective_editing.TestSelectiveEditing" name="test_minkowski_scores_are_present_when_minkowski_combination_used" time="0.035" /><testcase classname="tests.test_selective_editing.TestSelectiveEditing" name="test_predicted_markers_are_present_for_each_question" time="0.035" /><testcase classname="tests.test_selective_editing.TestSelectiveEditing" name="test_predictive_marker_being_set_to_false_when_apv_used" time="0.035" /><testcase classname="tests.test_selective_editing.TestSelectiveEditing" name="test_return_is_dataframe" time="0.034" /><testcase classname="tests.test_selective_editing.TestSelectiveEditing" name="test_scores_are_present_for_each_question" time="0.032" /><testcase classname="tests.test_selective_editing.TestSelectiveEditing" name="test_scores_as_expected_for_maximum_combination_mode" time="0.045" /><testcase classname="tests.test_selective_editing.TestSelectiveEditing" name="test_scores_as_expected_for_mean_combination_mode" time="0.045" /><testcase classname="tests.test_selective_editing.TestSelectiveEditing" name="test_scores_as_expected_for_minkowski_combination_mode" time="0.047" /><testcase classname="tests.test_selective_editing.TestSelectiveEditing" name="test_scores_as_expected_for_weighted_combination_mode" time="0.051" /><testcase classname="tests.test_selective_editing.TestSelectiveEditing" name="test_validate_basic_reference_columns_present" time="0.006" /><testcase classname="tests.test_selective_editing.TestSelectiveEditing" name="test_validate_column_name_param_type" time="0.005" /><testcase classname="tests.test_selective_editing.TestSelectiveEditing" name="test_validate_combination_method_type" time="0.006" /><testcase classname="tests.test_selective_editing.TestSelectiveEditing" name="test_validate_combination_method_value" time="0.006" /><testcase classname="tests.test_selective_editing.TestSelectiveEditing" name="test_validate_input_dataframe_type" time="0.001" /><testcase classname="tests.test_selective_editing.TestSelectiveEditing" name="test_validate_minkowski_distance_param_type" time="0.006" /><testcase classname="tests.test_selective_editing.TestSelectiveEditing" name="test_validate_minkowski_distance_param_value" time="0.006" /><testcase classname="tests.test_selective_editing.TestSelectiveEditing" name="test_validate_nan_for_actual_return_in_input_dataframe" time="0.019" /><testcase classname="tests.test_selective_editing.TestSelectiveEditing" name="test_validate_nan_for_basic_reference_data_in_input_dataframe" time="0.013" /><testcase classname="tests.test_selective_editing.TestSelectiveEditing" name="test_validate_nan_for_both_predicted_in_input_dataframe" time="0.020" /><testcase classname="tests.test_selective_editing.TestSelectiveEditing" name="test_validate_nan_for_question_weight_in_input_dataframe" time="0.022" /><testcase classname="tests.test_selective_editing.TestSelectiveEditing" name="test_validate_nan_for_standardising_factor_in_input_dataframe" time="0.020" /><testcase classname="tests.test_selective_editing.TestSelectiveEditing" name="test_validate_question_data_columns_present" time="0.036" /><testcase classname="tests.test_selective_editing.TestSelectiveEditing" name="test_validate_question_list_contents_type" time="0.006" /><testcase classname="tests.test_selective_editing.TestSelectiveEditing" name="test_validate_question_list_type" time="0.006" /><testcase classname="tests.test_selective_editing.TestSelectiveEditing" name="test_validate_question_list_value" time="0.006" /><testcase classname="tests.test_selective_editing.TestSelectiveEditing" name="test_validate_question_weight_columns_present_for_weighted_combination" time="0.008" /><testcase classname="tests.test_selective_editing.TestSelectiveEditing" name="test_validate_reserved_column_names_in_input_dataframe" time="0.006" /><testcase classname="tests.test_selective_editing.TestSelectiveEditing" name="test_weighted_scores_are_present_when_weighted_combination_used" time="0.040" /></testsuite></testsuites>